2026-10-06 00:36:57+0800: Running with following config:
allowResignation = false
conservativePass = true
lagBuffer = 1.0
logAllGTPCommunication = false
logDir = gtp_logs
logSearchInfo = false
logSearchInfoForChosenMove = false
logToStderr = false
maxTimePondering = 60.0
maxVisits = 64
nnCacheSizePowerOfTwo = 21
nnMaxBatchSize = 64
nnMutexPoolSizePowerOfTwo = 16
nnRandomize = true
numSearchThreads = 8
ponderingEnabled = false
reportAnalysisWinratesAs = BLACK
resignConsecTurns = 3
resignThreshold = -0.90
rules = chinese
searchFactorAfterOnePass = 0.50
searchFactorAfterTwoPass = 0.25
searchFactorWhenWinning = 0.40
searchFactorWhenWinningThreshold = 0.95

2026-10-06 00:36:57+0800: GTP Engine starting...
2026-10-06 00:36:57+0800: KataGo v1.18.1
2026-10-06 00:36:57+0800: Using Chinese rules initially, unless GTP/GUI overrides this
2026-10-06 00:36:57+0800: Using 8 CPU thread(s) for search
2026-10-06 00:36:57+0800: nnRandSeed0 = 10705058494445462126
2026-10-06 00:36:57+0800: After dedups: nnModelFile0 = C:\Users\lin\Desktop\gomoku-vs-go\gomoku-vs-go2\daoqi_katago\model.bin.gz useFP16 auto
2026-10-06 00:36:57+0800: Initializing neural net buffer to be size 19 * 19 exactly
2026-10-06 00:36:58+0800: Found OpenCL Platform 0: Intel(R) OpenCL Graphics (Intel(R) Corporation) (OpenCL 3.0 )
2026-10-06 00:36:58+0800: Found 1 device(s) on platform 0 with type CPU or GPU or Accelerator
2026-10-06 00:36:58+0800: Found OpenCL Device 0: Intel(R) UHD Graphics (Intel(R) Corporation) (score 6000300)
2026-10-06 00:36:58+0800: Creating context for OpenCL Platform: Intel(R) OpenCL Graphics (Intel(R) Corporation) (OpenCL 3.0 )
2026-10-06 00:36:58+0800: Using OpenCL Device 0: Intel(R) UHD Graphics (Intel(R) Corporation) OpenCL 3.0 NEO  (Extensions: cl_khr_byte_addressable_store cl_khr_device_uuid cl_khr_fp16 cl_khr_global_int32_base_atomics cl_khr_global_int32_extended_atomics cl_khr_icd cl_khr_local_int32_base_atomics cl_khr_local_int32_extended_atomics cl_intel_command_queue_families cl_intel_subgroups cl_intel_required_subgroup_size cl_intel_subgroups_short cl_khr_spir cl_intel_accelerator cl_intel_driver_diagnostics cl_khr_priority_hints cl_khr_throttle_hints cl_khr_create_command_queue cl_intel_subgroups_char cl_intel_subgroups_long cl_khr_il_program cl_intel_mem_force_host_memory cl_khr_subgroup_extended_types cl_khr_subgroup_non_uniform_vote cl_khr_subgroup_ballot cl_khr_subgroup_non_uniform_arithmetic cl_khr_subgroup_shuffle cl_khr_subgroup_shuffle_relative cl_khr_subgroup_clustered_reduce cl_intel_device_attribute_query cl_khr_expect_assume cl_khr_extended_bit_ops cl_khr_suggested_local_work_size cl_intel_split_work_group_barrier cl_intel_spirv_media_block_io cl_intel_spirv_subgroups cl_khr_spirv_linkonce_odr cl_khr_spirv_no_integer_wrap_decoration cl_intel_unified_shared_memory cl_khr_mipmap_image cl_khr_mipmap_image_writes cl_ext_float_atomics cl_khr_external_memory cl_intel_planar_yuv cl_intel_packed_yuv cl_khr_int64_base_atomics cl_khr_int64_extended_atomics cl_khr_image2d_from_buffer cl_khr_depth_images cl_khr_3d_image_writes cl_intel_media_block_io cl_intel_subgroup_local_block_io cl_khr_integer_dot_product cl_khr_gl_sharing cl_khr_gl_depth_images cl_khr_gl_event cl_khr_gl_msaa_sharing cl_intel_dx9_media_sharing cl_khr_dx9_media_sharing cl_khr_d3d10_sharing cl_khr_d3d11_sharing cl_intel_d3d11_nv12_media_sharing cl_intel_sharing_format_query cl_khr_pci_bus_info cl_intel_simultaneous_sharing )
2026-10-06 00:36:58+0800: Loaded tuning parameters from: C:\Users\lin\Desktop\gomoku-vs-go\gomoku-vs-go2\daoqi_katago/KataGoData/opencltuning/tune13_gpuIntelRUHDGraphics_x19_y19_c256_mv10.txt
2026-10-06 00:37:10+0800: OpenCL backend thread 0: Model version 10
2026-10-06 00:37:10+0800: OpenCL backend thread 0: Model name: DAOQI-daoqi-s60820864-d11149172 (convnet, 23393577 params)
2026-10-06 00:37:11+0800: OpenCL backend thread 0: FP16Storage true FP16Compute true FP16TensorCores false FP16TensorCoresFor1x1 false
2026-10-06 00:37:11+0800: Loaded neural net with nnXLen 19 nnYLen 19
2026-10-06 00:37:11+0800: Initializing board with boardXSize 19 boardYSize 19
2026-10-06 00:37:11+0800: Loaded config C:\Users\lin\Desktop\gomoku-vs-go\gomoku-vs-go2\daoqi_katago\gtp_daoqi.cfg
2026-10-06 00:37:11+0800: Loaded model C:\Users\lin\Desktop\gomoku-vs-go\gomoku-vs-go2\daoqi_katago\model.bin.gz
2026-10-06 00:37:11+0800: Model name: DAOQI-daoqi-s60820864-d11149172
2026-10-06 00:37:11+0800: GTP ready, beginning main protocol loop
2026-10-06 00:37:11+0800: GPU -1 finishing, processed 0 rows 0 batches
2026-10-06 00:37:11+0800: Cleaned up old neural net and bot
2026-10-06 00:37:11+0800: nnRandSeed0 = 5478938197857063641
2026-10-06 00:37:11+0800: After dedups: nnModelFile0 = C:\Users\lin\Desktop\gomoku-vs-go\gomoku-vs-go2\daoqi_katago\model.bin.gz useFP16 auto
2026-10-06 00:37:11+0800: Initializing neural net buffer to be size 16 * 16 exactly
2026-10-06 00:37:12+0800: Found OpenCL Platform 0: Intel(R) OpenCL Graphics (Intel(R) Corporation) (OpenCL 3.0 )
2026-10-06 00:37:12+0800: Found 1 device(s) on platform 0 with type CPU or GPU or Accelerator
2026-10-06 00:37:12+0800: Found OpenCL Device 0: Intel(R) UHD Graphics (Intel(R) Corporation) (score 6000300)
2026-10-06 00:37:12+0800: Creating context for OpenCL Platform: Intel(R) OpenCL Graphics (Intel(R) Corporation) (OpenCL 3.0 )
2026-10-06 00:37:12+0800: Using OpenCL Device 0: Intel(R) UHD Graphics (Intel(R) Corporation) OpenCL 3.0 NEO  (Extensions: cl_khr_byte_addressable_store cl_khr_device_uuid cl_khr_fp16 cl_khr_global_int32_base_atomics cl_khr_global_int32_extended_atomics cl_khr_icd cl_khr_local_int32_base_atomics cl_khr_local_int32_extended_atomics cl_intel_command_queue_families cl_intel_subgroups cl_intel_required_subgroup_size cl_intel_subgroups_short cl_khr_spir cl_intel_accelerator cl_intel_driver_diagnostics cl_khr_priority_hints cl_khr_throttle_hints cl_khr_create_command_queue cl_intel_subgroups_char cl_intel_subgroups_long cl_khr_il_program cl_intel_mem_force_host_memory cl_khr_subgroup_extended_types cl_khr_subgroup_non_uniform_vote cl_khr_subgroup_ballot cl_khr_subgroup_non_uniform_arithmetic cl_khr_subgroup_shuffle cl_khr_subgroup_shuffle_relative cl_khr_subgroup_clustered_reduce cl_intel_device_attribute_query cl_khr_expect_assume cl_khr_extended_bit_ops cl_khr_suggested_local_work_size cl_intel_split_work_group_barrier cl_intel_spirv_media_block_io cl_intel_spirv_subgroups cl_khr_spirv_linkonce_odr cl_khr_spirv_no_integer_wrap_decoration cl_intel_unified_shared_memory cl_khr_mipmap_image cl_khr_mipmap_image_writes cl_ext_float_atomics cl_khr_external_memory cl_intel_planar_yuv cl_intel_packed_yuv cl_khr_int64_base_atomics cl_khr_int64_extended_atomics cl_khr_image2d_from_buffer cl_khr_depth_images cl_khr_3d_image_writes cl_intel_media_block_io cl_intel_subgroup_local_block_io cl_khr_integer_dot_product cl_khr_gl_sharing cl_khr_gl_depth_images cl_khr_gl_event cl_khr_gl_msaa_sharing cl_intel_dx9_media_sharing cl_khr_dx9_media_sharing cl_khr_d3d10_sharing cl_khr_d3d11_sharing cl_intel_d3d11_nv12_media_sharing cl_intel_sharing_format_query cl_khr_pci_bus_info cl_intel_simultaneous_sharing )
2026-10-06 00:37:12+0800: Loaded tuning parameters from: C:\Users\lin\Desktop\gomoku-vs-go\gomoku-vs-go2\daoqi_katago/KataGoData/opencltuning/tune13_gpuIntelRUHDGraphics_x19_y19_c256_mv10.txt
2026-10-06 00:37:26+0800: OpenCL backend thread 0: Model version 10
2026-10-06 00:37:26+0800: OpenCL backend thread 0: Model name: DAOQI-daoqi-s60820864-d11149172 (convnet, 23393577 params)
2026-10-06 00:37:27+0800: OpenCL backend thread 0: FP16Storage true FP16Compute true FP16TensorCores false FP16TensorCoresFor1x1 false
2026-10-06 00:37:27+0800: Loaded neural net with nnXLen 16 nnYLen 16
2026-10-06 00:37:27+0800: Initializing board with boardXSize 16 boardYSize 16
2026-10-06 00:37:27+0800: Changed rules to Chinese
2026-10-06 00:38:11+0800: GPU -1 finishing, processed 5521 rows 1325 batches
2026-10-06 00:38:12+0800: All cleaned up, quitting
