2026-10-06 00:58:39+0800: Running with following config:
allowResignation = false
conservativePass = true
lagBuffer = 1.0
logAllGTPCommunication = false
logDir = gtp_logs
logSearchInfo = false
logSearchInfoForChosenMove = false
logToStderr = false
maxTimePondering = 60.0
maxVisits = 64
nnCacheSizePowerOfTwo = 21
nnMaxBatchSize = 64
nnMutexPoolSizePowerOfTwo = 16
nnRandomize = true
numSearchThreads = 8
ponderingEnabled = false
reportAnalysisWinratesAs = BLACK
resignConsecTurns = 3
resignThreshold = -0.90
rules = chinese
searchFactorAfterOnePass = 0.50
searchFactorAfterTwoPass = 0.25
searchFactorWhenWinning = 0.40
searchFactorWhenWinningThreshold = 0.95

2026-10-06 00:58:39+0800: GTP Engine starting...
2026-10-06 00:58:39+0800: KataGo v1.18.1
2026-10-06 00:58:39+0800: Using Chinese rules initially, unless GTP/GUI overrides this
2026-10-06 00:58:39+0800: Using 8 CPU thread(s) for search
