2026-10-05 06:41:01+0800: Running with following config:
conservativePass = true
logDir = analysis_logs
maxVisits = 500
nnCacheSizePowerOfTwo = 21
nnMaxBatchSize = 64
nnMutexPoolSizePowerOfTwo = 16
nnRandomize = true
numAnalysisThreads = 1
numSearchThreads = 10
reportAnalysisWinratesAs = BLACK

2026-10-05 06:41:01+0800: Analysis Engine starting...
2026-10-05 06:41:01+0800: KataGo v1.18.1
2026-10-05 06:41:01+0800: nnRandSeed0 = 18003819989746849138
2026-10-05 06:41:01+0800: After dedups: nnModelFile0 = model.bin.gz useFP16 auto
2026-10-05 06:41:01+0800: Initializing neural net buffer to be size 19 * 19 allowing smaller boards
2026-10-05 06:41:02+0800: Eigen (CPU) backend thread 1: Model version 10
2026-10-05 06:41:02+0800: Eigen (CPU) backend thread 0: Model version 10
2026-10-05 06:41:02+0800: Eigen (CPU) backend thread 6: Model version 10
2026-10-05 06:41:02+0800: Eigen (CPU) backend thread 9: Model version 10
2026-10-05 06:41:02+0800: Eigen (CPU) backend thread 9: Model name: DAOQI-daoqi-s60820864-d11149172 (convnet, 23393577 params)
2026-10-05 06:41:02+0800: Eigen (CPU) backend thread 1: Model name: DAOQI-daoqi-s60820864-d11149172 (convnet, 23393577 params)
2026-10-05 06:41:02+0800: Eigen (CPU) backend thread 5: Model version 10
2026-10-05 06:41:02+0800: Eigen (CPU) backend thread 7: Model version 10
2026-10-05 06:41:02+0800: Eigen (CPU) backend thread 0: Model name: DAOQI-daoqi-s60820864-d11149172 (convnet, 23393577 params)
2026-10-05 06:41:02+0800: Eigen (CPU) backend thread 8: Model version 10
2026-10-05 06:41:02+0800: Eigen (CPU) backend thread 4: Model version 10
2026-10-05 06:41:02+0800: Eigen (CPU) backend thread 4: Model name: DAOQI-daoqi-s60820864-d11149172 (convnet, 23393577 params)
2026-10-05 06:41:02+0800: Eigen (CPU) backend thread 6: Model name: DAOQI-daoqi-s60820864-d11149172 (convnet, 23393577 params)
2026-10-05 06:41:02+0800: Eigen (CPU) backend thread 3: Model version 10
2026-10-05 06:41:02+0800: Eigen (CPU) backend thread 5: Model name: DAOQI-daoqi-s60820864-d11149172 (convnet, 23393577 params)
2026-10-05 06:41:02+0800: Eigen (CPU) backend thread 7: Model name: DAOQI-daoqi-s60820864-d11149172 (convnet, 23393577 params)
2026-10-05 06:41:02+0800: Eigen (CPU) backend thread 8: Model name: DAOQI-daoqi-s60820864-d11149172 (convnet, 23393577 params)
2026-10-05 06:41:02+0800: Eigen (CPU) backend thread 2: Model version 10
2026-10-05 06:41:02+0800: Eigen (CPU) backend thread 3: Model name: DAOQI-daoqi-s60820864-d11149172 (convnet, 23393577 params)
2026-10-05 06:41:02+0800: Eigen (CPU) backend thread 2: Model name: DAOQI-daoqi-s60820864-d11149172 (convnet, 23393577 params)
2026-10-05 06:41:03+0800: Loaded config analysis_daoqi.cfg
2026-10-05 06:41:03+0800: Loaded model model.bin.gz
2026-10-05 06:41:03+0800: Analyzing up to 1 positions at a time in parallel
2026-10-05 06:41:03+0800: Started, ready to begin handling requests
2026-10-05 06:41:07+0800: Error: {"error":"Request must have a string \"id\" field"}
